// Jest Snapshot v1, https://goo.gl/fbAQLP

exports[`Main layout should render Main layout 1`] = `
<DocumentFragment>
  <div
    class="root"
  >
    <div
      class="inner"
    >
      <div
        class="root"
      >
        <a
          class="logo"
          href="/books"
        >
          <span>
            appName
          </span>
        </a>
        <a
          href="/cart"
        >
          appHeader.cart
        </a>
      </div>
      <div
        class="content"
      >
        <div>
          childrenMock
        </div>
      </div>
    </div>
  </div>
</DocumentFragment>
`;
